Microsoft Windows [Version 10.0.19042.1083]
(c) Microsoft Corporation. All rights reserved.

C:\Users\JiyaUlla>python --version
Python 3.8.8

C:\Users\JiyaUlla>pip --version
pip 20.2.3 from c:\users\jiyaulla\appdata\local\programs\python\python38\lib\site-packages\pip (python 3.8)

C:\Users\JiyaUlla>django -admin --version
'django' is not recognized as an internal or external command,
operable program or batch file.

C:\Users\JiyaUlla>pip install virtualenvwrapper-win
Requirement already satisfied: virtualenvwrapper-win in c:\users\jiyaulla\appdata\local\programs\python\python38\lib\site-packages (1.2.6)
Requirement already satisfied: virtualenv in c:\users\jiyaulla\appdata\local\programs\python\python38\lib\site-packages (from virtualenvwrapper-win) (20.4.7)
Requirement already satisfied: distlib<1,>=0.3.1 in c:\users\jiyaulla\appdata\local\programs\python\python38\lib\site-packages (from virtualenv->virtualenvwrapper-win) (0.3.2)
Requirement already satisfied: appdirs<2,>=1.4.3 in c:\users\jiyaulla\appdata\local\programs\python\python38\lib\site-packages (from virtualenv->virtualenvwrapper-win) (1.4.4)
Requirement already satisfied: filelock<4,>=3.0.0 in c:\users\jiyaulla\appdata\local\programs\python\python38\lib\site-packages (from virtualenv->virtualenvwrapper-win) (3.0.12)
Requirement already satisfied: six<2,>=1.9.0 in c:\users\jiyaulla\appdata\local\programs\python\python38\lib\site-packages (from virtualenv->virtualenvwrapper-win) (1.16.0)
WARNING: You are using pip version 20.2.3; however, version 21.1.3 is available.
You should consider upgrading via the 'c:\users\jiyaulla\appdata\local\programs\python\python38\python.exe -m pip install --upgrade pip' command.

C:\Users\JiyaUlla>mkvirtualenv test2
created virtual environment CPython3.8.8.final.0-64 in 711ms
  creator CPython3Windows(dest=C:\Users\JiyaUlla\Envs\test2, clear=False, no_vcs_ignore=False, global=False)
  seeder FromAppData(download=False, pip=bundle, setuptools=bundle, wheel=bundle, via=copy, app_data_dir=C:\Users\JiyaUlla\AppData\Local\pypa\virtualenv)
    added seed packages: pip==21.1.2, setuptools==57.0.0, wheel==0.36.2
  activators BashActivator,BatchActivator,FishActivator,PowerShellActivator,PythonActivator,XonshActivator

(test2) C:\Users\JiyaUlla>pip install django
Collecting django
  Using cached Django-3.2.5-py3-none-any.whl (7.9 MB)
Collecting pytz
  Using cached pytz-2021.1-py2.py3-none-any.whl (510 kB)
Collecting asgiref<4,>=3.3.2
  Using cached asgiref-3.4.1-py3-none-any.whl (25 kB)
Collecting sqlparse>=0.2.2
  Using cached sqlparse-0.4.1-py3-none-any.whl (42 kB)
Installing collected packages: sqlparse, pytz, asgiref, django
Successfully installed asgiref-3.4.1 django-3.2.5 pytz-2021.1 sqlparse-0.4.1
WARNING: You are using pip version 21.1.2; however, version 21.1.3 is available.
You should consider upgrading via the 'C:\Users\JiyaUlla\Envs\test2\Scripts\python.exe -m pip install --upgrade pip' command.

(test2) C:\Users\JiyaUlla>django-admin --version
3.2.5

(test2) C:\Users\JiyaUlla>mkdir projects

(test2) C:\Users\JiyaUlla>cd projects

(test2) C:\Users\JiyaUlla\projects>django-admin startproject telusko

(test2) C:\Users\JiyaUlla\projects>cd telusko

(test2) C:\Users\JiyaUlla\projects\telusko>ls
'ls' is not recognized as an internal or external command,
operable program or batch file.

(test2) C:\Users\JiyaUlla\projects\telusko>dir
 Volume in drive C has no label.
 Volume Serial Number is F670-E2EA

 Directory of C:\Users\JiyaUlla\projects\telusko

16/07/2021  09:55 PM    <DIR>          .
16/07/2021  09:55 PM    <DIR>          ..
16/07/2021  09:55 PM               685 manage.py
16/07/2021  09:55 PM    <DIR>          telusko
               1 File(s)            685 bytes
               3 Dir(s)  79,860,543,488 bytes free

(test2) C:\Users\JiyaUlla\projects\telusko>python manage.py runserver
Watching for file changes with StatReloader
Performing system checks...

System check identified no issues (0 silenced).

You have 18 unapplied migration(s). Your project may not work properly until you apply the migrations for app(s): admin, auth, contenttypes, sessions.
Run 'python manage.py migrate' to apply them.
July 16, 2021 - 21:59:34
Django version 3.2.5, using settings 'telusko.settings'
Starting development server at http://127.0.0.1:8000/
Quit the server with CTRL-BREAK.
[16/Jul/2021 22:00:44] "GET / HTTP/1.1" 200 10697
[16/Jul/2021 22:00:44] "GET /static/admin/css/fonts.css HTTP/1.1" 200 423
[16/Jul/2021 22:00:44] "GET /static/admin/fonts/Roboto-Bold-webfont.woff HTTP/1.1" 200 86184
[16/Jul/2021 22:00:44] "GET /static/admin/fonts/Roboto-Regular-webfont.woff HTTP/1.1" 200 85876
[16/Jul/2021 22:00:44] "GET /static/admin/fonts/Roboto-Light-webfont.woff HTTP/1.1" 200 85692
Not Found: /favicon.ico
[16/Jul/2021 22:00:44] "GET /favicon.ico HTTP/1.1" 404 2111








Video----2
# in cammand prompt
Microsoft Windows [Version 10.0.19042.1083]
(c) Microsoft Corporation. All rights reserved.

C:\Users\JiyaUlla\projects\telusko>workon test2
(test2) C:\Users\JiyaUlla\projects\telusko>python manage.py startapp calc

(test2) C:\Users\JiyaUlla\projects\telusko>


Note : at the below the left select the virtual environment where it is set to pressent working directory.





(test2) C:\Users\JiyaUlla\projects\telusko>python manage.py runserver
Watching for file changes with StatReloader
Performing system checks...

